// Jest Snapshot v1, https://goo.gl/fbAQLP

exports[`Counter renders properly 1`] = `
<h1>
  We be countin' up in here
</h1>
`;
